[student@workstation ~]$ podman images
REPOSITORY  TAG         IMAGE ID    CREATED     SIZE
[student@workstation ~]$ podman ps
CONTAINER ID  IMAGE       COMMAND     CREATED     STATUS      PORTS       NAMES
[student@workstation ~]$ podman login registry.redhat.io/
Error: parse reference from "registry.redhat.io/": invalid reference format
[student@workstation ~]$ git config --global credential.helper cache
[student@workstation ~]$ git config --global credential.helper cache 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
[student@workstation ~]$ lab configure
Error: unknown problem specified and not found, configure
[student@workstation ~]$ lab configure
Error: unknown problem specified and not found, configure
[student@workstation ~]$ git config --global credential.helper \ 'cache --timeout=7200'
warning: credential.helper has multiple values
error: cannot overwrite multiple values with a single value
       Use a regexp, --add or --replace-all to change credential.helper.
[student@workstation ~]$ lab configure 
Error: unknown problem specified and not found, configure
[student@workstation ~]$ lab-configure 

This script configures the connection parameters to access the OpenShift cluster for your lab scripts

 · Enter the API Endpoint: https://api.ap410.prod.ole.redhat.com:6443
 · Enter the Username: ck0404
 · Enter the Password: Sayali@0404
 · Enter the GitHub Account Name: ^C
[student@workstation ~]$ lab-configure 

This script configures the connection parameters to access the OpenShift cluster for your lab scripts

 · Enter the API Endpoint: https://api.ap410.prod.ole.redhat.com:6443
 · Enter the Username: ztjjz
 · Enter the Password: e3c11fb3cd1b4e938bd6
 · Enter the GitHub Account Name: ck0404
 · Enter the Quay.io Account Name: DO180

You entered:
 · API Endpoint:			https://api.ap410.prod.ole.redhat.com:6443
 · Username:				ztjjz
 · Password:				e3c11fb3cd1b4e938bd6
 · GitHub Account Name:			ck0404
 · Quay.io Account Name:		DO180

Generated config:
 · API Endpoint:			https://api.ap410.prod.ole.redhat.com:6443
 · Wildcard Domain:			apps.ap410.prod.ole.redhat.com
 · Nexus Server Host:			nexus-common.apps.ap410.prod.ole.redhat.com
 · Username:				ztjjz
 · Password:				e3c11fb3cd1b4e938bd6
 · GitHub Account Name:			ck0404
 · Quay.io Account Name:		DO180

Verifying your API Endpoint...

Verifying your Nexus host...

Verifying your OpenShift developer user credentials...

ERROR:
Cannot login to OpenShift using your developer credentials.
[student@workstation ~]$ lab-configure

This script configures the connection parameters to access the OpenShift cluster for your lab scripts

 · Enter the API Endpoint: https://api.ap410.prod.ole.redhat.com:6443
 · Enter the Username: ck0404
 · Enter the Password: Sayali@0404
 · Enter the GitHub Account Name: ck0404
 · Enter the Quay.io Account Name: DO180

You entered:
 · API Endpoint:			https://api.ap410.prod.ole.redhat.com:6443
 · Username:				ck0404
 · Password:				Sayali@0404
 · GitHub Account Name:			ck0404
 · Quay.io Account Name:		DO180

Generated config:
 · API Endpoint:			https://api.ap410.prod.ole.redhat.com:6443
 · Wildcard Domain:			apps.ap410.prod.ole.redhat.com
 · Nexus Server Host:			nexus-common.apps.ap410.prod.ole.redhat.com
 · Username:				ck0404
 · Password:				Sayali@0404
 · GitHub Account Name:			ck0404
 · Quay.io Account Name:		DO180

Verifying your API Endpoint...

Verifying your Nexus host...

Verifying your OpenShift developer user credentials...

ERROR:
Cannot login to OpenShift using your developer credentials.
[student@workstation ~]$ lab-configure

This script configures the connection parameters to access the OpenShift cluster for your lab scripts

 · Enter the API Endpoint: https://api.ap410.prod.ole.redhat.com:6443
 · Enter the Username: ztjjiz
 · Enter the Password: e3c11fb3cd1b4e938bd6
 · Enter the GitHub Account Name: ck0404
 · Enter the Quay.io Account Name: ck0404

You entered:
 · API Endpoint:			https://api.ap410.prod.ole.redhat.com:6443
 · Username:				ztjjiz
 · Password:				e3c11fb3cd1b4e938bd6
 · GitHub Account Name:			ck0404
 · Quay.io Account Name:		ck0404

Generated config:
 · API Endpoint:			https://api.ap410.prod.ole.redhat.com:6443
 · Wildcard Domain:			apps.ap410.prod.ole.redhat.com
 · Nexus Server Host:			nexus-common.apps.ap410.prod.ole.redhat.com
 · Username:				ztjjiz
 · Password:				e3c11fb3cd1b4e938bd6
 · GitHub Account Name:			ck0404
 · Quay.io Account Name:		ck0404

Verifying your API Endpoint...

Verifying your Nexus host...

Verifying your OpenShift developer user credentials...

Verifying your GitHub account name...

Verifying your Quay.io account name...

ERROR:
Cannot find a Quay.io account named: ck0404.
[student@workstation ~]$ lab-configure

This script configures the connection parameters to access the OpenShift cluster for your lab scripts

 · Enter the API Endpoint: https://api.ap410.prod.ole.redhat.com:6443
 · Enter the Username: ztjjiz
 · Enter the Password: e3c11fb3cd1b4e938bd6
 · Enter the GitHub Account Name: ck0404
 · Enter the Quay.io Account Name: chetan_kamble

You entered:
 · API Endpoint:			https://api.ap410.prod.ole.redhat.com:6443
 · Username:				ztjjiz
 · Password:				e3c11fb3cd1b4e938bd6
 · GitHub Account Name:			ck0404
 · Quay.io Account Name:		chetan_kamble

Generated config:
 · API Endpoint:			https://api.ap410.prod.ole.redhat.com:6443
 · Wildcard Domain:			apps.ap410.prod.ole.redhat.com
 · Nexus Server Host:			nexus-common.apps.ap410.prod.ole.redhat.com
 · Username:				ztjjiz
 · Password:				e3c11fb3cd1b4e938bd6
 · GitHub Account Name:			ck0404
 · Quay.io Account Name:		chetan_kamble

Verifying your API Endpoint...

Verifying your Nexus host...

Verifying your OpenShift developer user credentials...

Verifying your GitHub account name...

Verifying your Quay.io account name...

Verifying your cluster configuration...

Saving your lab configuration file...

All fine, lab config saved. You can now proceed with your exercises.

If you need to modify the configuration, rerun this script or directly modify the values in /usr/local/etc/ocp4.config.

[student@workstation ~]$ git clone https://github.com/ck0404/DO180-apps.git
Cloning into 'DO180-apps'...
remote: Enumerating objects: 69, done.
remote: Total 69 (delta 0), reused 0 (delta 0), pack-reused 69
Receiving objects: 100% (69/69), 222.84 KiB | 456.00 KiB/s, done.
Resolving deltas: 100% (6/6), done.
[student@workstation ~]$ ls -lrt
total 0
drwxr-xr-x. 2 student student   6 Dec  5 06:07 Videos
drwxr-xr-x. 2 student student   6 Dec  5 06:07 Templates
drwxr-xr-x. 2 student student   6 Dec  5 06:07 Public
drwxr-xr-x. 2 student student   6 Dec  5 06:07 Pictures
drwxr-xr-x. 2 student student   6 Dec  5 06:07 Music
drwxr-xr-x. 2 student student   6 Dec  5 06:07 Downloads
drwxr-xr-x. 2 student student   6 Dec  5 06:07 Documents
drwxr-xr-x. 2 student student   6 Dec  5 06:07 Desktop
drwxrwxr-x. 9 student student 143 Dec  5 08:12 DO180-apps
[student@workstation ~]$ cd DO180-apps/
[student@workstation DO180-apps]$ git status
On branch master
Your branch is up to date with 'origin/master'.

nothing to commit, working tree clean
[student@workstation DO180-apps]$ git checkout -b testbranch
Switched to a new branch 'testbranch'
[student@workstation DO180-apps]$ echo "DO180" > TEST
[student@workstation DO180-apps]$ git add .
[student@workstation DO180-apps]$ git commit -m "DO180"
[testbranch 47bf7e3] DO180
 1 file changed, 1 insertion(+)
 create mode 100644 TEST
[student@workstation DO180-apps]$ git push --set-upstream origin testbranch 
Gtk-Message: 08:18:35.836: Failed to load module "canberra-gtk-module"
Gtk-Message: 08:19:11.702: Failed to load module "canberra-gtk-module"
Enumerating objects: 4, done.
Counting objects: 100% (4/4), done.
Delta compression using up to 2 threads
Compressing objects: 100% (2/2), done.
Writing objects: 100% (3/3), 283 bytes | 283.00 KiB/s, done.
Total 3 (delta 1), reused 0 (delta 0), pack-reused 0
remote: Resolving deltas: 100% (1/1), completed with 1 local object.
remote: 
remote: Create a pull request for 'testbranch' on GitHub by visiting:
remote:      https://github.com/ck0404/DO180-apps/pull/new/testbranch
remote: 
To https://github.com/ck0404/DO180-apps.git
 * [new branch]      testbranch -> testbranch
Branch 'testbranch' set up to track remote branch 'testbranch' from 'origin'.
[student@workstation DO180-apps]$ echo "OCP4" > TEST
[student@workstation DO180-apps]$ git add .
[student@workstation DO180-apps]$ git commit -m "OCP4"
[testbranch b04615f] OCP4
 1 file changed, 1 insertion(+), 1 deletion(-)
[student@workstation DO180-apps]$ git push
Enumerating objects: 5, done.
Counting objects: 100% (5/5), done.
Delta compression using up to 2 threads
Compressing objects: 100% (2/2), done.
Writing objects: 100% (3/3), 272 bytes | 272.00 KiB/s, done.
Total 3 (delta 1), reused 0 (delta 0), pack-reused 0
remote: Resolving deltas: 100% (1/1), completed with 1 local object.
To https://github.com/ck0404/DO180-apps.git
   47bf7e3..b04615f  testbranch -> testbranch
[student@workstation DO180-apps]$ head README.md 
# DO180-apps
DO180 Repository for Sample Applications
[student@workstation DO180-apps]$ cd 
[student@workstation ~]$ lab container-create start

Setting up workstation for the Guided Exercise: Creating a MySQL database instance

 · Checking podman configuration...............................  SUCCESS
 · Creating create_table.txt file..............................  SUCCESS
[student@workstation ~]$ podman login registry.redhat.io
Username: chetan.kamble@indusind.com
Password: 
Login Succeeded!
[student@workstation ~]$ podman run --name mysql-basic \
> -e MYSQL_USER=user1 -e MYSQL_PASSWORD=mypa55 \
> -e MYSQL_DATABASE=items -e MYSQL_ROOT_PASSWORD=r00tpa55 \
> -d registry.redhat.io/rhel8/mysql-80:1
Trying to pull registry.redhat.io/rhel8/mysql-80:1...
Getting image source signatures
Checking if image destination supports signatures
Copying blob 75800ed868ab done  
Copying blob c8408bdc0540 done  
Copying blob d25a668ed2fb done  
Copying config 1a035b72e7 done  
Writing manifest to image destination
Storing signatures
9f12b4923a360facc9852baedb42174de574f36c640477b77a6e43f9df7ebdbc
[student@workstation ~]$ podman ps --format "{{.ID}} {{.Image}} {{.Names}}"
9f12b4923a36 registry.redhat.io/rhel8/mysql-80:1 mysql-basic
[student@workstation ~]$ podman exec -it mysql-basic bin/bash
Error: runc: exec failed: container_linux.go:380: starting container process caused: exec: "bin/bash": stat bin/bash: no such file or directory: OCI runtime attempted to invoke a command that was not found
[student@workstation ~]$ podman exec -it mysql-basic /bin/bash
bash-4.4$ mysql -uroot
Welcome to the MySQL monitor.  Commands end with ; or \g.
Your MySQL connection id is 8
Server version: 8.0.30 Source distribution

Copyright (c) 2000, 2022, Oracle and/or its affiliates.

Oracle is a registered trademark of Oracle Corporation and/or its
affiliates. Other names may be trademarks of their respective
owners.

Type 'help;' or '\h' for help. Type '\c' to clear the current input statement.

mysql> show database
    -> s;
ERROR 1064 (42000): You have an error in your SQL syntax; check the manual that corresponds to your MySQL server version for the right syntax to use near 'database
s' at line 1
mysql> show databases;
+--------------------+
| Database           |
+--------------------+
| information_schema |
| items              |
| mysql              |
| performance_schema |
| sys                |
+--------------------+
5 rows in set (0.00 sec)

mysql> use items;
Database changed
mysql> [student@workstation ~]$ podman images
    -> REPOSITORY  TAG         IMAGE ID    CREATED     SIZE
    -> [student@workstation ~]$ podman ps
    -> CONTAINER ID  IMAGE       COMMAND     CREATED     STATUS      PORTS       NAMES
    -> [student@workstation ~]$ podman login registry.redhat.io/
    -> Error: parse reference from "registry.redhat.io/": invalid reference format
    -> [student@workstation ~]$ git config --global credential.helper cache
    -> [student@workstation ~]$ git config --global credential.helper cache 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
    -> [student@workstation ~]$ lab configure
    -> Error: unknown problem specified and not found, configure
    -> [student@workstation ~]$ lab configure
    -> Error: unknown problem specified and not found, configure
    -> [student@workstation ~]$ git config --global credential.helper \ 'cache --timeout=7200'
ERROR: 
Unknown command '\ '.
    -> warning: credential.helper has multiple values
    -> error: cannot overwrite multiple values with a single value
    ->        Use a regexp, --add or --replace-all to change credential.helper.
    -> [student@workstation ~]$ lab configure 
    -> Error: unknown problem specified and not found, configure
    -> [student@workstation ~]$ lab-configure 
    -> 
    -> This script configures the connection parameters to access the OpenShift cluster for your lab scripts
    -> 
    ->   Enter the API Endpoint: https://api.ap410.prod.ole.redhat.com:6443
    ->   Enter the Username: ck0404
    ->   Enter the Password: Sayali@0404
    ->   Enter the GitHub Account Name: ^C
    -> [student@workstation ~]$ lab-configure 
    -> 
    -> This script configures the connection parameters to access the OpenShift cluster for your lab scripts
    -> 
    ->   Enter the API Endpoint: https://api.ap410.prod.ole.redhat.com:6443
    ->   Enter the Username: ztjjz
    ->   Enter the Password: e3c11fb3cd1b4e938bd6
    ->   Enter the GitHub Account Name: ck0404
    ->   Enter the Quay.io Account Name: DO180
    -> 
    -> You entered:
    ->   API Endpoint:https://api.ap410.prod.ole.redhat.com:6443
    ->   Username:ztjjz
    ->   Password:e3c11fb3cd1b4e938bd6
    ->   GitHub Account Name:ck0404
    ->   Quay.io Account Name:DO180
    -> 
    -> Generated config:
    ->   API Endpoint:https://api.ap410.prod.ole.redhat.com:6443
    ->   Wildcard Domain:apps.ap410.prod.ole.redhat.com
    ->   Nexus Server Host:nexus-common.apps.ap410.prod.ole.redhat.com
    ->   Username:ztjjz
    ->   Password:e3c11fb3cd1b4e938bd6
    ->   GitHub Account Name:ck0404
    ->   Quay.io Account Name:DO180
    -> 
    -> Verifying your API Endpoint...
    -> 
    -> Verifying your Nexus host...
    -> 
    -> Verifying your OpenShift developer user credentials...
    -> 
    -> ERROR:
    -> Cannot login to OpenShift using your developer credentials.
    -> [student@workstation ~]$ lab-configure
    -> 
    -> This script configures the connection parameters to access the OpenShift cluster for your lab scripts
    -> 
    ->   Enter the API Endpoint: https://api.ap410.prod.ole.redhat.com:6443
    ->   Enter the Username: ck0404
    ->   Enter the Password: Sayali@0404
    ->   Enter the GitHub Account Name: ck0404
    ->   Enter the Quay.io Account Name: DO180
    -> 
    -> You entered:
    ->   API Endpoint:https://api.ap410.prod.ole.redhat.com:6443
    ->   Username:ck0404
    ->   Password:Sayali@0404
    ->   GitHub Account Name:ck0404
    ->   Quay.io Account Name:DO180
    -> 
    -> Generated config:
    ->   API Endpoint:https://api.ap410.prod.ole.redhat.com:6443
    ->   Wildcard Domain:apps.ap410.prod.ole.redhat.com
    ->   Nexus Server Host:nexus-common.apps.ap410.prod.ole.redhat.com
    ->   Username:ck0404
    ->   Password:Sayali@0404
    ->   GitHub Account Name:ck0404
    ->   Quay.io Account Name:DO180
    -> 
    -> Verifying your API Endpoint...
    -> 
    -> Verifying your Nexus host...
    -> 
    -> Verifying your OpenShift developer user credentials...
    -> 
    -> ERROR:
    -> Cannot login to OpenShift using your developer credentials.
    -> [student@workstation ~]$ lab-configure
    -> 
    -> This script configures the connection parameters to access the OpenShift cluster for your lab scripts
    -> 
    ->   Enter the API Endpoint: https://api.ap410.prod.ole.redhat.com:6443
    ->   Enter the Username: ztjjiz
    ->   Enter the Password: e3c11fb3cd1b4e938bd6
    ->   Enter the GitHub Account Name: ck0404
    ->   Enter the Quay.io Account Name: ck0404
    -> 
    -> You entered:
    ->   API Endpoint:https://api.ap410.prod.ole.redhat.com:6443
    ->   Username:ztjjiz
    ->   Password:e3c11fb3cd1b4e938bd6
    ->   GitHub Account Name:ck0404
    ->   Quay.io Account Name:ck0404
    -> 
    -> Generated config:
    ->   API Endpoint:https://api.ap410.prod.ole.redhat.com:6443
    ->   Wildcard Domain:apps.ap410.prod.ole.redhat.com
    ->   Nexus Server Host:nexus-common.apps.ap410.prod.ole.redhat.com
    ->   Username:ztjjiz
    ->   Password:e3c11fb3cd1b4e938bd6
    ->   GitHub Account Name:ck0404
    ->   Quay.io Account Name:ck0404
    -> 
    -> Verifying your API Endpoint...
    -> 
    -> Verifying your Nexus host...
    -> 
    -> Verifying your OpenShift developer user credentials...
    -> 
    -> Verifying your GitHub account name...
    -> 
    -> Verifying your Quay.io account name...
    -> 
    -> ERROR:
    -> Cannot find a Quay.io account named: ck0404.
    -> [student@workstation ~]$ lab-configure
    -> 
    -> This script configures the connection parameters to access the OpenShift cluster for your lab scripts
    -> 
    ->   Enter the API Endpoint: https://api.ap410.prod.ole.redhat.com:6443
    ->   Enter the Username: ztjjiz
    ->   Enter the Password: e3c11fb3cd1b4e938bd6
    ->   Enter the GitHub Account Name: ck0404
    ->   Enter the Quay.io Account Name: chetan_kamble
    -> 
    -> You entered:
    ->   API Endpoint:https://api.ap410.prod.ole.redhat.com:6443
    ->   Username:ztjjiz
    ->   Password:e3c11fb3cd1b4e938bd6
    ->   GitHub Account Name:ck0404
    ->   Quay.io Account Name:chetan_kamble
    -> 
    -> Generated config:
    ->   API Endpoint:https://api.ap410.prod.ole.redhat.com:6443
    ->   Wildcard Domain:apps.ap410.prod.ole.redhat.com
    ->   Nexus Server Host:nexus-common.apps.ap410.prod.ole.redhat.com
    ->   Username:ztjjiz
    ->   Password:e3c11fb3cd1b4e938bd6
    ->   GitHub Account Name:ck0404
    ->   Quay.io Account Name:chetan_kamble
    -> 
s -e MYSQL_R    -> Verifying your API Endpoint...
    -> 
    -> Verifying your Nexus host...
    -> 
    -> Verifying your OpenShift developer user credentials...
    -> 
    -> Verifying your GitHub account name...
    -> 
    -> Verifying your Quay.io account name...
    -> 
    -> Verifying your cluster configuration...
    -> 
    -> Saving your lab configuration file...
    -> 
    -> All fine, lab config saved. You can now proceed with your exercises.
    -> 
    -> If you need to modify the configuration, rerun this script or directly modify the values in /usr/local/etc/ocp4.config.
    -> 
    -> [student@workstation ~]$ git clone https://github.com/ck0404/DO180-apps.git
    -> Cloning into 'DO180-apps'...
    -> remote: Enumerating objects: 69, done.
    -> remote: Total 69 (delta 0), reused 0 (delta 0), pack-reused 69
    -> Receiving objects: 100% (69/69), 222.84 KiB | 456.00 KiB/s, done.
    -> Resolving deltas: 100% (6/6), done.
    -> [student@workstation ~]$ ls -lrt
    -> total 0
    -> drwxr-xr-x. 2 student student   6 Dec  5 06:07 Videos
    -> drwxr-xr-x. 2 student student   6 Dec  5 06:07 Templates
    -> drwxr-xr-x. 2 student student   6 Dec  5 06:07 Public
    -> drwxr-xr-x. 2 student student   6 Dec  5 06:07 Pictures
    -> drwxr-xr-x. 2 student student   6 Dec  5 06:07 Music
    -> drwxr-xr-x. 2 student student   6 Dec  5 06:07 Downloads
    -> drwxr-xr-x. 2 student student   6 Dec  5 06:07 Documents
    -> drwxr-xr-x. 2 student student   6 Dec  5 06:07 Desktop
    -> drwxrwxr-x. 9 student student 143 Dec  5 08:12 DO180-apps
    -> [student@workstation ~]$ cd DO180-apps/
    -> [student@workstation DO180-apps]$ git status
    -> On branch master
    -> Your branch is up to date with 'origin/master'.
    -> 
    -> nothing to commit, working tree clean
    -> [student@workstation DO180-apps]$ git checkout -b testbranch
    -> Switched to a new branch 'testbranch'
    -> [student@workstation DO180-apps]$ echo "DO180" > TEST
    -> [student@workstation DO180-apps]$ git add .
    -> [student@workstation DO180-apps]$ git commit -m "DO180"
    -> [testbranch 47bf7e3] DO180
    ->  1 file changed, 1 insertion(+)
    ->  create mode 100644 TEST
    -> [student@workstation DO180-apps]$ git push --set-upstream origin testbranch 
    -> Gtk-Message: 08:18:35.836: Failed to load module "canberra-gtk-module"
    -> Gtk-Message: 08:19:11.702: Failed to load module "canberra-gtk-module"
    -> Enumerating objects: 4, done.
    -> Counting objects: 100% (4/4), done.
    -> Delta compression using up to 2 threads
    -> Compressing objects: 100% (2/2), done.
    -> Writing objects: 100% (3/3), 283 bytes | 283.00 KiB/s, done.
    -> Total 3 (delta 1), reused 0 (delta 0), pack-reused 0
    -> remote: Resolving deltas: 100% (1/1), completed with 1 local object.
    -> remote: 
    -> remote: Create a pull request for 'testbranch' on GitHub by visiting:
    -> remote:      https://github.com/ck0404/DO180-apps/pull/new/testbranch
    -> remote: 
    -> To https://github.com/ck0404/DO180-apps.git
    ->  * [new branch]      testbranch -> testbranch
    -> Branch 'testbranch' set up to track remote branch 'testbranch' from 'origin'.
    -> [student@workstation DO180-apps]$ echo "OCP4" > TEST
    -> [student@workstation DO180-apps]$ git add .
    -> [student@workstation DO180-apps]$ git commit -m "OCP4"
    -> [testbranch b04615f] OCP4
    ->  1 file changed, 1 insertion(+), 1 deletion(-)
    -> [student@workstation DO180-apps]$ git push
    -> Enumerating objects: 5, done.
    -> Counting objects: 100% (5/5), done.
    -> Delta compression using up to 2 threads
    -> Compressing objects: 100% (2/2), done.
    -> Writing objects: 100% (3/3), 272 bytes | 272.00 KiB/s, done.
    -> Total 3 (delta 1), reused 0 (delta 0), pack-reused 0
    -> remote: Resolving deltas: 100% (1/1), completed with 1 local object.
    -> To https://github.com/ck0404/DO180-apps.git
    ->    47bf7e3..b04615f  testbranch -> testbranch
    -> [student@workstation DO180-apps]$ head README.md 
    -> # DO180-apps
    -> DO180 Repository for Sample Applications
    -> [student@workstation DO180-apps]$ cd 
    -> [student@workstation ~]$ lab container-create start
    -> 
    -> Setting up workstation for the Guided Exercise: Creating a MySQL database instance
    -> 
    ->   Checking podman configuration...............................  SUCCESS
    ->   Creating create_table.txt file..............................  SUCCESS
    -> [student@workstation ~]$ podman login registry.redhat.io
    -> Username: chetan.kamble@indusind.com
    -> Password: 
    -> Login Succeeded!
    -> [student@workstation ~]$ podman run --name mysql-basic \
    -> > -e MYSQL_USER=user1 -e MYSQL_PASSWORD=mypa55 \
    -> > -e MYSQL_DATABASE=items -e MYSQL_ROOT_PASSWORD=r00tpa55 \
    -> > -d registry.redhat.io/rhel8/mysql-80:1
    -> Trying to pull registry.redhat.io/rhel8/mysql-80:1...
    -> Getting image source signatures
    -> Checking if image destination supports signatures
    -> Copying blob 75800ed868ab done  
    -> Copying blob c8408bdc0540 done  
    -> Copying blob d25a668ed2fb done  
    -> Copying config 1a035b72e7 done  
    -> Writing manifest to image destination
    -> Storing signatures
    -> 9f12b4923a360facc9852baedb42174de574f36c640477b77a6e43f9df7ebdbc
    -> [student@workstation ~]$ podman ps --format "{{.ID}} {{.Image}} {{.Names}}"
    -> 9f12b4923a36 registry.redhat.io/rhel8/mysql-80:1 mysql-basic
    -> [student@workstation ~]$ 
    -> 
    -> 
    -> ;
;
^C
mysql> creat table PROJECTS (id int NOT NULL,
    -> name varchar(255) DEFAULT NULL,
    -> code varchar(255) DEFAULT NULL,
    -> PRIMARY KEY (id));
ERROR 1064 (42000): You have an error in your SQL syntax; check the manual that corresponds to your MySQL server version for the right syntax to use near 'creat table PROJECTS (id int NOT NULL,
name varchar(255) DEFAULT NULL,
code varc' at line 1
mysql> CREATE TABLE PROJECTS (id int NOT NULL, name varchar(255) DEFAULT NULL, code varchar(255) DEFAULT NULL, PRIMARY KEY (id));
Query OK, 0 rows affected (0.05 sec)

mysql> show TABLES;
+-----------------+
| Tables_in_items |
+-----------------+
| PROJECTS        |
+-----------------+
1 row in set (0.00 sec)

mysql> INSERT INTO PROJECTS (id, name, code) VALUES (1,'Devops','DO180');
Query OK, 1 row affected (0.01 sec)

mysql> select * from PROJECTS
    -> ;
+----+--------+-------+
| id | name   | code  |
+----+--------+-------+
|  1 | Devops | DO180 |
+----+--------+-------+
1 row in set (0.00 sec)

mysql> exit
Bye
bash-4.4$ exit
exit
[student@workstation ~]$ history
    1  exit
    2  podman images
    3  podman ps
    4  podman login registry.redhat.io/
    5  git config --global credential.helper cache
    6  git config --global credential.helper cache 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
    7  lab configure
    8  lab configure
    9  git config --global credential.helper \ 'cache --timeout=7200'
   10  lab configure 
   11  lab-configure 
   12  lab-configure
   13  git clone https://github.com/ck0404/DO180-apps.git
   14  ls -lrt
   15  cd DO180-apps/
   16  git status
   17  git checkout -b testbranch
   18  echo "DO180" > TEST
   19  git add .
   20  git commit -m "DO180"
   21  git push --set-upstream origin testbranch 
   22  echo "OCP4" > TEST
   23  git add .
   24  git commit -m "OCP4"
   25  git push
   26  head README.md 
   27  cd 
   28  lab container-create start
   29  podman login registry.redhat.io
   30  podman run --name mysql-basic -e MYSQL_USER=user1 -e MYSQL_PASSWORD=mypa55 -e MYSQL_DATABASE=items -e MYSQL_ROOT_PASSWORD=r00tpa55 -d registry.redhat.io/rhel8/mysql-80:1
   31  podman ps --format "{{.ID}} {{.Image}} {{.Names}}"
   32  podman exec -it mysql-basic bin/bash
   33  podman exec -it mysql-basic /bin/bash
   34  history

