[student@workstation ~]$ sudo podman run --rm --name asroot -it \
> registry.access.redhat.com/ubi8:latest /bin/bash
Trying to pull registry.access.redhat.com/ubi8:latest...
Getting image source signatures
Checking if image destination supports signatures
Copying blob a35c1966a5a5 done  
Copying config dea12a7906 done  
Writing manifest to image destination
Storing signatures
[root@63788d6ea8d7 /]# whoami
root
[root@63788d6ea8d7 /]# id
uid=0(root) gid=0(root) groups=0(root)
[root@63788d6ea8d7 /]# sleep 1000
^C
[root@63788d6ea8d7 /]# exit
exit
[student@workstation ~]$ podman images
REPOSITORY                         TAG         IMAGE ID      CREATED      SIZE
registry.redhat.io/rhel8/mysql-80  1           1a035b72e7c6  4 weeks ago  643 MB
[student@workstation ~]$ podman login registry.redhat.io
Username: student
Password: 
Error: error logging into "registry.redhat.io": invalid username/password
[student@workstation ~]$ 
[student@workstation ~]$ podman login registry.redhat.io
Username: chetan.kamble@indusind.com
Password: 
Login Succeeded!
[student@workstation ~]$ podman run --name mysql-db \
> 
>Error: requires at least 1 arg(s), only received 0
[student@workstation ~]$ podman run --name mysql-db \
> podman run --name mysql-db \
> 
> Resolved "podman" as an alias (/etc/containers/registries.conf.d/002-rhel-shortnames-overrides.conf)
Trying to pull registry.access.redhat.com/ubi8/podman:latest...
registry.redhat.io/rhel8/mysql-80:1Getting image source signatures
Checking if image destination supports signatures
Copying blob 75800ed868ab skipped: already exists  
Copying blob c65eb5a42c32 done  
Copying config 3e7d030126 done  
Writing manifest to image destination
Storing signatures
Error: runc: container_linux.go:380: starting container process caused: exec: "run": executable file not found in $PATH: OCI runtime attempted to invoke a command that was not found
[student@workstation ~]$ > registry.redhat.io/rhel8/mysql-80:1
bash: registry.redhat.io/rhel8/mysql-80:1: No such file or directory
[student@workstation ~]$ 
[student@workstation ~]$ podman run --name mysql-db \
> registry.redhat.io/rhel8/mysql-80:1
Error: error creating container storage: the container name "mysql-db" is already in use by "8cf01779dcf34d7e3d737be8d78c1c99eaa7f6d2b700c8c559c2fa004a9c0836". You have to remove that container to be able to reuse that name.: that name is already in use
[student@workstation ~]$ podman logs mysql-db
[student@workstation ~]$  podman run --name mysql \
> -d -e MYSQL_USER=user1 -e MYSQL_PASSWORD=mypa55 \
> -e MYSQL_DATABASE=items -e MYSQL_ROOT_PASSWORD=r00tpa55 \
>  registry.redhat.io/rhel8/mysql-80:1
8140946be42ee771efc87364e8515b65ef2678d350996899e56dc631586d1523
[student@workstation ~]$ podman ps
CONTAINER ID  IMAGE                                COMMAND     CREATED         STATUS             PORTS       NAMES
8140946be42e  registry.redhat.io/rhel8/mysql-80:1  run-mysqld  17 seconds ago  Up 18 seconds ago              mysql
[student@workstation ~]$  podman cp ~/DO180/labs/manage-lifecycle/db.sql mysql:/
Error: "/home/student/DO180/labs/manage-lifecycle/db.sql" could not be found on the host: No such file or directory
[student@workstation ~]$ podman cp ~/DO180/labs/manage-lifecycle/db.sql mysql:/
Error: "/home/student/DO180/labs/manage-lifecycle/db.sql" could not be found on the host: No such file or directory
[student@workstation ~]$ ls
Desktop  DO180-apps  Downloads  Pictures  Templates
DO180    Documents   Music      Public    Videos
[student@workstation ~]$ cd DO180-apps/
[student@workstation DO180-apps]$ ls
example     nodejs-helloworld  README.md  TEST
nodejs-app  php-helloworld     temps      todoapp
[student@workstation DO180-apps]$ cd ..
[student@workstation ~]$ ls
Desktop  DO180-apps  Downloads  Pictures  Templates
DO180    Documents   Music      Public    Videos
[student@workstation ~]$ cd DO180
[student@workstation DO180]$ ls
solutions
[student@workstation DO180]$ cd solutions/
[student@workstation solutions]$ ls
container-create
[student@workstation solutions]$ podman -s
Error: unknown shorthand flag: 's' in -s
See 'podman --help'
[student@workstation solutions]$ podman ps
CONTAINER ID  IMAGE                                COMMAND     CREATED        STATUS            PORTS       NAMES
8140946be42e  registry.redhat.io/rhel8/mysql-80:1  run-mysqld  5 minutes ago  Up 5 minutes ago              mysql
[student@workstation solutions]$ 
[student@workstation solutions]$ podman ps
CONTAINER ID  IMAGE                                COMMAND     CREATED        STATUS            PORTS       NAMES
8140946be42e  registry.redhat.io/rhel8/mysql-80:1  run-mysqld  5 minutes ago  Up 5 minutes ago              mysql
[student@workstation solutions]$ podman cp ~/DO180/labs/manage-lifecycle/db.sql mysql:/
Error: "/home/student/DO180/labs/manage-lifecycle/db.sql" could not be found on the host: No such file or directory
[student@workstation solutions]$ cd ..
[student@workstation DO180]$ ls
solutions
[student@workstation DO180]$ ls -a
.  ..  solutions
[student@workstation DO180]$ cd ..
[student@workstation ~]$ ls
Desktop  DO180-apps  Downloads  Pictures  Templates
DO180    Documents   Music      Public    Videos
[student@workstation ~]$ cd DO180
[student@workstation DO180]$ ls
solutions
[student@workstation DO180]$ lab manage-lifecycle start

Setting up workstation for the Guided Excercise: Managing a MySQL Container

 · Checking podman configuration...............................  SUCCESS
 · Setting up labs folder......................................  SUCCESS
 · Downloading starter project.................................  SUCCESS
 · Downloading solution project................................  SUCCESS

Setup successful. Please proceed with the exercise.

[student@workstation DO180]$ podman ps
CONTAINER ID  IMAGE                                COMMAND     CREATED        STATUS            PORTS       NAMES
8140946be42e  registry.redhat.io/rhel8/mysql-80:1  run-mysqld  7 minutes ago  Up 7 minutes ago              mysql
[student@workstation DO180]$ podman cp ~/DO180/labs/manage-lifecycle/db.sql mysql:/
[student@workstation DO180]$ podman exec mysql /bin/bash -c \
> 'mysql -uuser1 -pmypa55 items < /db.sql'
mysql: [Warning] Using a password on the command line interface can be insecure.
[student@workstation DO180]$ podman run --name mysql-2 -it \
> registry.redhat.io/rhel8/mysql-80:1 /bin/bash
bash-4.4$ mysql -uroot
ERROR 2002 (HY000): Can't connect to local MySQL server through socket '/var/lib/mysql/mysql.sock' (2)
bash-4.4$ exit
exit
[student@workstation DO180]$ podman ps -a
CONTAINER ID  IMAGE                                          COMMAND               CREATED             STATUS                     PORTS       NAMES
9f12b4923a36  registry.redhat.io/rhel8/mysql-80:1            run-mysqld            21 hours ago        Created                                mysql-basic
8cf01779dcf3  registry.access.redhat.com/ubi8/podman:latest  run --name mysql-...  13 minutes ago      Created                                mysql-db
8140946be42e  registry.redhat.io/rhel8/mysql-80:1            run-mysqld            11 minutes ago      Up 11 minutes ago                      mysql
b551a4700586  registry.redhat.io/rhel8/mysql-80:1            /bin/bash             About a minute ago  Exited (1) 16 seconds ago              mysql-2
[student@workstation DO180]$  podman exec mysql /bin/bash -c \
> 'mysql -uuser1 -pmypa55 -e "select * from items.Projects;"'
mysql: [Warning] Using a password on the command line interface can be insecure.
id	name	code
1	DevOps	DO180
[student@workstation DO180]$ 
[student@workstation DO180]$ cd ..
[student@workstation ~]$  mkdir -vp /home/student/local/mysql
mkdir: created directory '/home/student/local'
mkdir: created directory '/home/student/local/mysql'
[student@workstation ~]$ sudo semanage fcontext -a \
> -t container_file_t '/home/student/local/mysql(/.*)?'
[student@workstation ~]$ sudo restorecon -R /home/student/local/mysql
[student@workstation ~]$ ls -ldZ /home/student/local/mysql
drwxrwxr-x. 2 student student unconfined_u:object_r:container_file_t:s0 6 Dec  6 05:29 /home/student/local/mysql
[student@workstation ~]$  podman unshare chown 27:27 /home/student/local/mysql
[student@workstation ~]$  podman login registry.redhat.io
Authenticating with existing credentials for registry.redhat.io
Existing credentials are valid. Already logged in to registry.redhat.io
[student@workstation ~]$  podman pull registry.redhat.io/rhel8/mysql-80:1
Trying to pull registry.redhat.io/rhel8/mysql-80:1...
Getting image source signatures
Checking if image destination supports signatures
Copying blob d25a668ed2fb skipped: already exists  
Copying blob c8408bdc0540 skipped: already exists  
Copying blob 75800ed868ab skipped: already exists  
Copying config 1a035b72e7 done  
Writing manifest to image destination
Storing signatures
1a035b72e7c6645494ba03b9b02d8114ad3de9bdb2011af1c69e56152ca22aa0
[student@workstation ~]$ podman run --name persist-db \
> -d -v /home/student/local/mysql:/var/lib/mysql/data \
> -e MYSQL_USER=user1 -e MYSQL_PASSWORD=mypa55 \
> -e MYSQL_DATABASE=items -e MYSQL_ROOT_PASSWORD=r00tpa55 \
> registry.redhat.io/rhel8/mysql-80:1
1c9b0810bd2badee99beeaddf54a9a6a20f00e25284de81ec0e0e2be85b5c3fe
[student@workstation ~]$ podman ps --format="{{.ID}} {{.Names}} {{.Status}}"
8140946be42e mysql Up 41 minutes ago
1c9b0810bd2b persist-db Up 26 seconds ago
[student@workstation ~]$ ls -ld /home/student/local/mysql/items
drwxr-x---. 2 100026 100026 6 Dec  6 05:34 /home/student/local/mysql/items
[student@workstation ~]$ podman unshare ls -ld /home/student/local/mysql/items
drwxr-x---. 2 27 27 6 Dec  6 05:34 /home/student/local/mysql/items
[student@workstation ~]$ lab manage-lifecycle finish

Completing the Guided Excercise: Managing a MySQL Container

 · Stopping 'mysql' container..................................  SUCCESS
 · Stopping 'mysql-2' container................................  SUCCESS
 · Removing 'mysql' container..................................  SUCCESS
 · Removing 'mysql-2' container................................  SUCCESS
 · Removing 'mysql-db' container...............................  SUCCESS
 · Removing 'registry.redhat.io/rhel8/mysql-80:1' image........  SUCCESS
 · Removing the project directory..............................  SUCCESS
 · Removing the solution directory.............................  SUCCESS
[student@workstation ~]$ lab manage-networking start

Setting up workstation for the Guided Exercise: Loading the Database

 · Checking podman configuration...............................  SUCCESS
 · Creating a host directory for the database container:
   · Adding fcontext policy for /home/student/local/mysql......  Unable to add fcontext of 'container_file_t' for '/home/student/local/mysql(/.*)?'
FAIL
   · Creating the /home/student/local/mysql directory..........  SUCCESS
   · Apply fcontext policy to /home/student/local/mysql........  SUCCESS
   · Change owner of the /home/student/local/mysql to the mysql  SUCCESS
 · Downloading starter project.................................  SUCCESS
 · Downloading solution project................................  SUCCESS

Setup successful. Please proceed with the exercise.


[student@workstation ~]$ 
[student@workstation ~]$ podman login registry.redhat.io
Authenticating with existing credentials for registry.redhat.io
Existing credentials are valid. Already logged in to registry.redhat.io
[student@workstation ~]$ podman run --name mysqldb-port \
> -d -v /home/student/local/mysql:/var/lib/mysql/data -p 13306:3306 \
> -e MYSQL_USER=user1 -e MYSQL_PASSWORD=mypa55 \
>  -e MYSQL_DATABASE=items -e MYSQL_ROOT_PASSWORD=r00tpa55 \
>  registry.redhat.io/rhel8/mysql-80:1
Trying to pull registry.redhat.io/rhel8/mysql-80:1...
Getting image source signatures
Checking if image destination supports signatures
Copying blob 75800ed868ab skipped: already exists  
Copying blob c8408bdc0540 done  
Copying blob d25a668ed2fb done  
Copying config 1a035b72e7 done  
Writing manifest to image destination
Storing signatures
4d77d9cd0c51a1d194a95fae2956939969f6d1eb55ba3c2220e401925979fa1f
[student@workstation ~]$ podman ps --format="{{.ID}} {{.Names}} {{.Ports}}"
4d77d9cd0c51 mysqldb-port 0.0.0.0:13306->3306/tcp
[student@workstation ~]$  mysql -uuser1 -h 127.0.0.1 -pmypa55 -P13306 \
> items < /home/student/DO180/labs/manage-networking/db.sql
mysql: [Warning] Using a password on the command line interface can be insecure.
[student@workstation ~]$  podman exec -it mysqldb-port \
>  mysql -uroot items -e "SELECT * FROM Item"
+----+-------------------+------+
| id | description       | done |
+----+-------------------+------+
|  1 | Pick up newspaper |    0 |
|  2 | Buy groceries     |    1 |
+----+-------------------+------+
[student@workstation ~]$ mysql -uuser1 -h 127.0.0.1 -pmypa55 -P13306 \
> items -e "SELECT * FROM Item"
mysql: [Warning] Using a password on the command line interface can be insecure.
+----+-------------------+------+
| id | description       | done |
+----+-------------------+------+
|  1 | Pick up newspaper |    0 |
|  2 | Buy groceries     |    1 |
+----+-------------------+------+
[student@workstation ~]$ podman exec -it mysqldb-port /bin/bash
bash-4.4$ mysql -uroot items -e "SELECT * FROM Item"
+----+-------------------+------+
| id | description       | done |
+----+-------------------+------+
|  1 | Pick up newspaper |    0 |
|  2 | Buy groceries     |    1 |
+----+-------------------+------+
bash-4.4$ exit
exit
[student@workstation ~]$ lab manage-networking finish

Completing the Guided Exercise: Loading the Database

 · Stopping the 'mysqldb-port' container.......................  SUCCESS
 · Removing the 'mysqldb-port' container.......................  SUCCESS
 · Removing the 'registry.redhat.io/rhel8/mysql-80:1' image....  SUCCESS
 · Removing the /home/student/local/mysql directory............  SUCCESS
 · Removing the fcontext for /home/student/local/mysql.........  SUCCESS
[student@workstation ~]$  lab image-operations start

Setting up workstation for the GE: Creating a Custom Apache Container Image

 · Checking podman configuration...............................  SUCCESS
[student@workstation ~]$ podman login quay.io
Username: chetan_kamble
Password: 
Error: error logging into "quay.io": invalid username/password
[student@workstation ~]$ podman login quay.io
Username: chetan_kamble
Password: 
Error: error logging into "quay.io": invalid username/password
[student@workstation ~]$ podman login quay.io
Username: ztjjiz
Password: 
Error: error logging into "quay.io": invalid username/password
[student@workstation ~]$ podman login quay.io
Username: chetan_kamble
Password: 
Error: error logging into "quay.io": invalid username/password
[student@workstation ~]$ podman login quay.io
Username: chetan_kamble
Password: 

ghp_K61ckpEzSxgrError: error logging into "quay.io": invalid username/password
o[student@workstation ~]$ 
[student@workstation ~]$ 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
bash: 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: command not found...

[student@workstation ~]$ 
[student@workstation ~]$ 
[student@workstation ~]$ 
[student@workstation ~]$ 
[student@workstation ~]$ 
[student@workstation ~]$ podman login quay.io
Username: chetan_kamble
Password: 
Login Succeeded!
[student@workstation ~]$  podman run -d --name official-httpd \
> -p 8180:80 quay.io/redhattraining/httpd-parent
Trying to pull quay.io/redhattraining/httpd-parent:latest...
Getting image source signatures
Copying blob 6a5240d60dc4 done  
Copying blob a3ed95caeb02 done  
Copying blob 787f47dbeaac done  
Copying blob a3ed95caeb02 done  
Copying blob 08b8c9fdec44 done  
Copying blob a3ed95caeb02 done  
Copying blob a3ed95caeb02 skipped: already exists  
Copying blob a3ed95caeb02 skipped: already exists  
Copying blob a3ed95caeb02 skipped: already exists  
Copying blob 408208567b9a done  
Writing manifest to image destination
Storing signatures
c9211bf7e9ce18e111887c6137fc8edfcdb04c10893fb9def3b1003eed77c852
[student@workstation ~]$ podman exec -it official-httpd /bin/bash
bash-4.4# echo "DO180 Page" > /var/www/html/do180.html
bash-4.4# exit
exit
[student@workstation ~]$ curl 127.0.0.1:8180/do180.html
DO180 Page
[student@workstation ~]$ podman diff official-httpd
C /root
A /root/.bash_history
C /run/httpd
A /run/httpd/cgisock.1
A /run/httpd/httpd.pid
C /tmp
C /var
C /var/log
C /var/log/httpd
A /var/log/httpd/access_log
A /var/log/httpd/error_log
C /var/www
C /var/www/html
A /var/www/html/do180.html
[student@workstation ~]$  podman stop official-httpd
official-httpd
[student@workstation ~]$  podman commit -a 'Chetan_Kamble' \
> official-httpd do180-custom-httpd
Getting image source signatures
Copying blob 24d85c895b6b skipped: already exists  
Copying blob c613b100be16 skipped: already exists  
Copying blob 574bcc187eda skipped: already exists  
Copying blob 7f9108fde4a1 skipped: already exists  
Copying blob 1a11abaa901e done  
Copying config dd754ce69a done  
Writing manifest to image destination
Storing signatures
dd754ce69a263723a8e179ded8b8594b9ae4cf1d5b565d9c3229c64559bc6248
[student@workstation ~]$ podman images
REPOSITORY                              TAG         IMAGE ID      CREATED         SIZE
localhost/do180-custom-httpd            latest      dd754ce69a26  10 seconds ago  236 MB
registry.access.redhat.com/ubi8/podman  latest      3e7d030126c5  5 weeks ago     361 MB
quay.io/redhattraining/httpd-parent     latest      4346d3cace25  3 years ago     236 MB
[student@workstation ~]$ source /usr/local/etc/ocp4.config
[student@workstation ~]$ podman tag do180-custom-httpd \
> quay.io/${RHT_OCP4_QUAY_USER}/do180-custom-httpd:v1.0
[student@workstation ~]$  podman images
REPOSITORY                                TAG         IMAGE ID      CREATED             SIZE
localhost/do180-custom-httpd              latest      dd754ce69a26  About a minute ago  236 MB
quay.io/chetan_kamble/do180-custom-httpd  v1.0        dd754ce69a26  About a minute ago  236 MB
registry.access.redhat.com/ubi8/podman    latest      3e7d030126c5  5 weeks ago         361 MB
quay.io/redhattraining/httpd-parent       latest      4346d3cace25  3 years ago         236 MB
[student@workstation ~]$ podman push \
>  quay.io/${RHT_OCP4_QUAY_USER}/do180-custom-httpd:v1.0
Getting image source signatures
Copying blob 1a11abaa901e done  
Copying blob 24d85c895b6b skipped: already exists  
Copying blob 7f9108fde4a1 skipped: already exists  
Copying blob 574bcc187eda skipped: already exists  
Copying blob c613b100be16 skipped: already exists  
Copying config dd754ce69a done  
Writing manifest to image destination
Storing signatures
[student@workstation ~]$  podman pull \
> -q quay.io/${RHT_OCP4_QUAY_USER}/do180-custom-httpd:v1.0
dd754ce69a263723a8e179ded8b8594b9ae4cf1d5b565d9c3229c64559bc6248
[student@workstation ~]$ podman run -d --name test-httpd -p 8280:80 \
> ${RHT_OCP4_QUAY_USER}/do180-custom-httpd:v1.0
ee83e030f78aacfaa0b1e5f0844c81bf55e3866a6cdb9b0b6ed3c537f7e7d3ac
[student@workstation ~]$  curl http://localhost:8280/do180.html
DO180 Page
[student@workstation ~]$ history
    1  exit
    2  podman images
    3  podman ps
    4  podman login registry.redhat.io/
    5  git config --global credential.helper cache
    6  git config --global credential.helper cache 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
    7  lab configure
    8  lab configure
    9  git config --global credential.helper \ 'cache --timeout=7200'
   10  lab configure 
   11  lab-configure 
   12  lab-configure
   13  git clone https://github.com/ck0404/DO180-apps.git
   14  ls -lrt
   15  cd DO180-apps/
   16  git status
   17  git checkout -b testbranch
   18  echo "DO180" > TEST
   19  git add .
   20  git commit -m "DO180"
   21  git push --set-upstream origin testbranch 
   22  echo "OCP4" > TEST
   23  git add .
   24  git commit -m "OCP4"
   25  git push
   26  head README.md 
   27  cd 
   28  lab container-create start
   29  podman login registry.redhat.io
   30  podman run --name mysql-basic -e MYSQL_USER=user1 -e MYSQL_PASSWORD=mypa55 -e MYSQL_DATABASE=items -e MYSQL_ROOT_PASSWORD=r00tpa55 -d registry.redhat.io/rhel8/mysql-80:1
   31  podman ps --format "{{.ID}} {{.Image}} {{.Names}}"
   32  podman exec -it mysql-basic bin/bash
   33  podman exec -it mysql-basic /bin/bash
   34  history
   35  sudo podman run --rm --name asroot -it registry.access.redhat.com/ubi8:latest /bin/bash
   36  podman images
   37  podman login registry.redhat.io
   38  podman run --name mysql-db 
   39  podman run --name mysql-db podman run --name mysql-db 
   40  > registry.redhat.io/rhel8/mysql-80:1
   41  podman run --name mysql-db registry.redhat.io/rhel8/mysql-80:1
   42  podman logs mysql-db
   43   podman run --name mysql -d -e MYSQL_USER=user1 -e MYSQL_PASSWORD=mypa55 -e MYSQL_DATABASE=items -e MYSQL_ROOT_PASSWORD=r00tpa55  registry.redhat.io/rhel8/mysql-80:1
   44  podman ps
   45   podman cp ~/DO180/labs/manage-lifecycle/db.sql mysql:/
   46  podman cp ~/DO180/labs/manage-lifecycle/db.sql mysql:/
   47  ls
   48  cd DO180-apps/
   49  ls
   50  cd ..
   51  ls
   52  cd DO180
   53  ls
   54  cd solutions/
   55  ls
   56  podman -s
   57  podman ps
   58  podman cp ~/DO180/labs/manage-lifecycle/db.sql mysql:/
   59  cd ..
   60  ls
   61  ls -a
   62  cd ..
   63  ls
   64  cd DO180
   65  ls
   66  lab manage-lifecycle start
   67  podman ps
   68  podman cp ~/DO180/labs/manage-lifecycle/db.sql mysql:/
   69  podman exec mysql /bin/bash -c 'mysql -uuser1 -pmypa55 items < /db.sql'
   70  podman run --name mysql-2 -it registry.redhat.io/rhel8/mysql-80:1 /bin/bash
   71  podman ps -a
   72   podman exec mysql /bin/bash -c 'mysql -uuser1 -pmypa55 -e "select * from items.Projects;"'
   73  cd ..
   74   mkdir -vp /home/student/local/mysql
   75  sudo semanage fcontext -a -t container_file_t '/home/student/local/mysql(/.*)?'
   76  sudo restorecon -R /home/student/local/mysql
   77  ls -ldZ /home/student/local/mysql
   78   podman unshare chown 27:27 /home/student/local/mysql
   79   podman login registry.redhat.io
   80   podman pull registry.redhat.io/rhel8/mysql-80:1
   81  podman run --name persist-db -d -v /home/student/local/mysql:/var/lib/mysql/data -e MYSQL_USER=user1 -e MYSQL_PASSWORD=mypa55 -e MYSQL_DATABASE=items -e MYSQL_ROOT_PASSWORD=r00tpa55 registry.redhat.io/rhel8/mysql-80:1
   82  podman ps --format="{{.ID}} {{.Names}} {{.Status}}"
   83  ls -ld /home/student/local/mysql/items
   84  podman unshare ls -ld /home/student/local/mysql/items
   85  lab manage-lifecycle finish
   86  lab manage-networking start
   87  podman login registry.redhat.io
   88  podman run --name mysqldb-port -d -v /home/student/local/mysql:/var/lib/mysql/data -p 13306:3306 -e MYSQL_USER=user1 -e MYSQL_PASSWORD=mypa55  -e MYSQL_DATABASE=items -e MYSQL_ROOT_PASSWORD=r00tpa55  registry.redhat.io/rhel8/mysql-80:1
   89  podman ps --format="{{.ID}} {{.Names}} {{.Ports}}"
   90   mysql -uuser1 -h 127.0.0.1 -pmypa55 -P13306 items < /home/student/DO180/labs/manage-networking/db.sql
   91   podman exec -it mysqldb-port  mysql -uroot items -e "SELECT * FROM Item"
   92  mysql -uuser1 -h 127.0.0.1 -pmypa55 -P13306 items -e "SELECT * FROM Item"
   93  podman exec -it mysqldb-port /bin/bash
   94  lab manage-networking finish
   95   lab image-operations start
   96  podman login quay.io
   97  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
   98  podman login quay.io
   99   podman run -d --name official-httpd -p 8180:80 quay.io/redhattraining/httpd-parent
  100  podman exec -it official-httpd /bin/bash
  101  curl 127.0.0.1:8180/do180.html
  102  podman diff official-httpd
  103   podman stop official-httpd
  104   podman commit -a 'Chetan_Kamble' official-httpd do180-custom-httpd
  105  podman images
  106  source /usr/local/etc/ocp4.config
  107  podman tag do180-custom-httpd quay.io/${RHT_OCP4_QUAY_USER}/do180-custom-httpd:v1.0
  108   podman images
  109  podman push  quay.io/${RHT_OCP4_QUAY_USER}/do180-custom-httpd:v1.0
  110   podman pull -q quay.io/${RHT_OCP4_QUAY_USER}/do180-custom-httpd:v1.0
  111  podman run -d --name test-httpd -p 8280:80 ${RHT_OCP4_QUAY_USER}/do180-custom-httpd:v1.0
  112   curl http://localhost:8280/do180.html
  113  history

